✔ exact ten Terminal methods accept only their complete typed request and normalize an immutable copy (2.6206ms)
✔ Terminal requests reject unsafe identifiers, numeric coercion, omitted fields and dimension overflow (0.3637ms)
✔ prototype-bearing, accessor, symbol and hidden payload fields are refused without executing getters (0.2303ms)
✔ terminal input is bounded by exact UTF-8 bytes and refuses malformed UTF-16 without partial normalization (2.1079ms)
✔ invalid Terminal payload is refused before dispatch and valid dispatch receives only the immutable copy (0.683ms)
✔ frozen Terminal default budgets equal the approved finite limits (0.1535ms)
✔ cwd defaults refuse authority before invoking picker or filesystem (4.1983ms)
✔ cwd returns only immutable public grant and resolves same-project eligible peer (2.1869ms)
✔ cwd literal native paths preserve drive roots Unicode and shell punctuation (1.9493ms)
✔ cwd cancellation and empty or multiple picker results never choose a fallback (0.5619ms)
✔ cwd denies malformed path namespaces components and invalid Unicode (1.6184ms)
✔ cwd refuses protected root equality descendants case aliases and normalized traversal (0.624ms)
✔ cwd refuses redirected leaf or reparse ancestors without trusting canonical label (1.2781ms)
✔ cwd revalidates selected identity and every ancestor instead of silently retargeting (1.2528ms)
✔ cwd missing inaccessible or file directory provider never returns an alternate path (0.414ms)
✔ cwd guards reject copied foreign stale and disallowed role grants (0.5415ms)
✔ cwd locked readonly recovery and nonwritable views cannot select or resolve (0.9152ms)
✔ cwd picker completion cannot survive admission rollback or revoke (0.3805ms)
✔ cwd admission is rechecked after each protected-root and selected-directory await (0.3208ms)
✔ cwd resolve rechecks authority after every filesystem await (1.1225ms)
✔ cwd revoke and dispose invalidate old tokens and in-flight work permanently (0.3802ms)
✔ cwd bounded tokens never evict live authority and concurrent picker capacity is finite (0.8289ms)
✔ cwd stale completion after revoke cannot consume the new generation capacity (0.3456ms)
✔ cwd provider getters and asynchronous truthy authority are refused (0.294ms)
✔ cwd missing protection or inspection provider never grants a token (0.2232ms)
✔ cwd final authorization cannot revoke the scope and then return a late token (0.2693ms)
✔ cwd final resolve guard cannot dispose authority and still deliver a path (0.7859ms)
✔ cwd current guard cannot reentrantly revoke admission on the final return check (0.342ms)
✔ cwd native device aliases are outside the admitted local pathname policy (0.2464ms)
✔ cwd rejected inspections redact provider exceptions and retain capacity (0.261ms)
✔ cwd malformed provider reflection cannot leak private exceptions as receipts (0.2274ms)
✔ cwd hard grant capacity is finite and unknown forged ids never resolve (5.699ms)
✔ cwd bounds path prefix expansion before malformed evidence can exhaust64MiB (102.5819ms)
✔ Terminal policy defaults to refusing sender identity; matching plain fields never mint native authority (0.6562ms)
✔ workspace may configure/list/create/stop, but only terminal role may attach/input/resize/ACK/detach (0.8112ms)
✔ PIN and epoch are checked on every call, including passive session metadata (0.1155ms)
✔ readonly and recovery expose only passive eligible metadata; unknown modes refuse everything (0.1044ms)
✔ native session, project and current attachment identity are required for leased operations (0.1194ms)
✔ failed or asynchronous authority providers cannot authorize a synchronous input fence (0.1809ms)
✔ normal app mode never upgrades a current read-only view to shell execution (0.2399ms)
✔ profile defaults do not discover files or issue a usable executable (1.7087ms)
✔ profile list is immutable and exposes no native executable argv or environment (1.3314ms)
✔ profile resolver returns absolute fixed interactive PowerShell envelope without commands (1.2131ms)
✔ profile missing native OS root or executable remains unavailable without PATH fallback (0.9298ms)
✔ profile unknown optional ids and caller startup arguments cannot select a shell (0.374ms)
✔ profile revalidates pinned executable and directory identities after discovery (1.3637ms)
✔ profile refuses native file evidence with missing ancestry identity or accessor fields (0.4904ms)
✔ profile environment strips injection keys without mutating native OS snapshot (0.3851ms)
✔ profile refuses duplicate case-folded environment variables and non-data snapshots (1.2919ms)
✔ profile total environment budget refuses oversized aggregate without silent truncation (0.551ms)
✔ profile scope is checked after OS-directory and executable awaits on list (0.2266ms)
✔ profile scope is checked after each resolve await including environment snapshot (0.3129ms)
✔ profile revoke never revives an old asynchronous discovery and dispose is permanent (0.3443ms)
✔ profile concurrent operations are bounded without permanently consuming capacity on failure (0.2569ms)
✔ profile asynchronous truthy or throwing authorization cannot discover a shell (0.229ms)
✔ usable native profile envelope never becomes a renderer supplied create authority (0.3573ms)
✔ profile final scope check cannot reentrantly revoke and deliver executable or env (0.3088ms)
✔ profile final native guard cannot dispose and still return a usable envelope (0.3057ms)
✔ profile replacement during environment await is rechecked before returning envelope (0.2117ms)
✔ profile concurrent discovery never accepts two different pinned native identities (0.6106ms)
✔ profile missing required OS variables or malformed private-key policy refuses (0.5263ms)
✔ profile discovery refuses native device aliases before trusting executable evidence (0.4225ms)
✔ profile malformed provider reflection never leaks private errors through list or resolve (0.3954ms)
✔ profile final executable check is fenced after its own native await (0.1926ms)
✔ profiles bounds path prefix expansion before malformed evidence can exhaust64MiB (99.8128ms)
ℹ tests 65
ℹ suites 0
ℹ pass 65
ℹ fail 0
ℹ cancelled 0
ℹ skipped 0
ℹ todo 0
ℹ duration_ms 203.9235
