✔ exact ten Terminal methods accept only their complete typed request and normalize an immutable copy (2.7989ms)
✔ Terminal requests reject unsafe identifiers, numeric coercion, omitted fields and dimension overflow (0.6555ms)
✔ prototype-bearing, accessor, symbol and hidden payload fields are refused without executing getters (0.2688ms)
✔ terminal input is bounded by exact UTF-8 bytes and refuses malformed UTF-16 without partial normalization (2.1513ms)
✔ invalid Terminal payload is refused before dispatch and valid dispatch receives only the immutable copy (0.65ms)
✔ frozen Terminal default budgets equal the approved finite limits (0.1323ms)
✔ cwd defaults refuse authority before invoking picker or filesystem (4.7699ms)
✔ cwd returns only immutable public grant and resolves same-project eligible peer (2.2327ms)
✔ cwd literal native paths preserve drive roots Unicode and shell punctuation (2.1532ms)
✔ cwd cancellation and empty or multiple picker results never choose a fallback (0.5252ms)
✔ cwd denies malformed path namespaces components and invalid Unicode (1.6096ms)
✔ cwd refuses protected root equality descendants case aliases and normalized traversal (0.6223ms)
✔ cwd refuses redirected leaf or reparse ancestors without trusting canonical label (1.3193ms)
✔ cwd revalidates selected identity and every ancestor instead of silently retargeting (1.2409ms)
✔ cwd missing inaccessible or file directory provider never returns an alternate path (0.3825ms)
✔ cwd guards reject copied foreign stale and disallowed role grants (0.5565ms)
✔ cwd locked readonly recovery and nonwritable views cannot select or resolve (0.7683ms)
✔ cwd picker completion cannot survive admission rollback or revoke (0.3327ms)
✔ cwd admission is rechecked after each protected-root and selected-directory await (0.3484ms)
✔ cwd resolve rechecks authority after every filesystem await (1.0247ms)
✔ cwd revoke and dispose invalidate old tokens and in-flight work permanently (0.4141ms)
✔ cwd bounded tokens never evict live authority and concurrent picker capacity is finite (1.3196ms)
✔ cwd stale completion after revoke cannot consume the new generation capacity (0.4863ms)
✔ cwd provider getters and asynchronous truthy authority are refused (0.3407ms)
✔ cwd missing protection or inspection provider never grants a token (0.2053ms)
✔ cwd final authorization cannot revoke the scope and then return a late token (0.2414ms)
✔ cwd final resolve guard cannot dispose authority and still deliver a path (0.7918ms)
✔ cwd current guard cannot reentrantly revoke admission on the final return check (0.4384ms)
✔ cwd native device aliases are outside the admitted local pathname policy (0.3259ms)
✔ cwd rejected inspections redact provider exceptions and retain capacity (0.302ms)
✔ cwd malformed provider reflection cannot leak private exceptions as receipts (0.2249ms)
✔ cwd hard grant capacity is finite and unknown forged ids never resolve (5.6644ms)
✔ Terminal policy defaults to refusing sender identity; matching plain fields never mint native authority (0.7802ms)
✔ workspace may configure/list/create/stop, but only terminal role may attach/input/resize/ACK/detach (0.7496ms)
✔ PIN and epoch are checked on every call, including passive session metadata (0.1261ms)
✔ readonly and recovery expose only passive eligible metadata; unknown modes refuse everything (0.1222ms)
✔ native session, project and current attachment identity are required for leased operations (0.1361ms)
✔ failed or asynchronous authority providers cannot authorize a synchronous input fence (0.1939ms)
✔ normal app mode never upgrades a current read-only view to shell execution (0.1628ms)
✔ profile defaults do not discover files or issue a usable executable (1.9094ms)
✔ profile list is immutable and exposes no native executable argv or environment (1.4274ms)
✔ profile resolver returns absolute fixed interactive PowerShell envelope without commands (0.6734ms)
✔ profile missing native OS root or executable remains unavailable without PATH fallback (1.7612ms)
✔ profile unknown optional ids and caller startup arguments cannot select a shell (0.3167ms)
✔ profile revalidates pinned executable and directory identities after discovery (1.4278ms)
✔ profile refuses native file evidence with missing ancestry identity or accessor fields (0.6161ms)
✔ profile environment strips injection keys without mutating native OS snapshot (0.3481ms)
✔ profile refuses duplicate case-folded environment variables and non-data snapshots (1.3069ms)
✔ profile total environment budget refuses oversized aggregate without silent truncation (0.5568ms)
✔ profile scope is checked after OS-directory and executable awaits on list (0.2261ms)
✔ profile scope is checked after each resolve await including environment snapshot (0.535ms)
✔ profile revoke never revives an old asynchronous discovery and dispose is permanent (0.3513ms)
✔ profile concurrent operations are bounded without permanently consuming capacity on failure (0.2695ms)
✔ profile asynchronous truthy or throwing authorization cannot discover a shell (0.2284ms)
✔ usable native profile envelope never becomes a renderer supplied create authority (0.3547ms)
✔ profile final scope check cannot reentrantly revoke and deliver executable or env (0.3104ms)
✔ profile final native guard cannot dispose and still return a usable envelope (0.323ms)
✔ profile replacement during environment await is rechecked before returning envelope (0.3569ms)
✔ profile concurrent discovery never accepts two different pinned native identities (0.6141ms)
✔ profile missing required OS variables or malformed private-key policy refuses (0.5414ms)
✔ profile discovery refuses native device aliases before trusting executable evidence (0.2471ms)
✔ profile malformed provider reflection never leaks private errors through list or resolve (0.3697ms)
✔ profile final executable check is fenced after its own native await (0.1669ms)
ℹ tests 63
ℹ suites 0
ℹ pass 63
ℹ fail 0
ℹ cancelled 0
ℹ skipped 0
ℹ todo 0
ℹ duration_ms 111.6806
