✔ exact ten Terminal methods accept only their complete typed request and normalize an immutable copy (2.6983ms)
✔ Terminal requests reject unsafe identifiers, numeric coercion, omitted fields and dimension overflow (0.3415ms)
✔ prototype-bearing, accessor, symbol and hidden payload fields are refused without executing getters (0.2196ms)
✔ terminal input is bounded by exact UTF-8 bytes and refuses malformed UTF-16 without partial normalization (2.0496ms)
✔ invalid Terminal payload is refused before dispatch and valid dispatch receives only the immutable copy (0.6399ms)
✔ frozen Terminal default budgets equal the approved finite limits (0.1371ms)
✔ cwd defaults refuse authority before invoking picker or filesystem (3.6129ms)
✔ cwd returns only immutable public grant and resolves same-project eligible peer (2.6217ms)
✔ cwd literal native paths preserve drive roots Unicode and shell punctuation (1.8323ms)
✔ cwd cancellation and empty or multiple picker results never choose a fallback (0.8406ms)
✔ cwd denies malformed path namespaces components and invalid Unicode (1.4873ms)
✔ cwd refuses protected root equality descendants case aliases and normalized traversal (0.6149ms)
✔ cwd refuses redirected leaf or reparse ancestors without trusting canonical label (1.8115ms)
✔ cwd revalidates selected identity and every ancestor instead of silently retargeting (1.0459ms)
✔ cwd missing inaccessible or file directory provider never returns an alternate path (0.6367ms)
✔ cwd guards reject copied foreign stale and disallowed role grants (0.9631ms)
✔ cwd locked readonly recovery and nonwritable views cannot select or resolve (0.7718ms)
✔ cwd picker completion cannot survive admission rollback or revoke (0.3505ms)
✔ cwd admission is rechecked after each protected-root and selected-directory await (0.3084ms)
✔ cwd resolve rechecks authority after every filesystem await (0.6245ms)
✔ cwd revoke and dispose invalidate old tokens and in-flight work permanently (0.3767ms)
✔ cwd bounded tokens never evict live authority and concurrent picker capacity is finite (1.5035ms)
✔ cwd stale completion after revoke cannot consume the new generation capacity (0.3528ms)
✔ cwd provider getters and asynchronous truthy authority are refused (0.3058ms)
✔ cwd missing protection or inspection provider never grants a token (0.232ms)
✔ Terminal policy defaults to refusing sender identity; matching plain fields never mint native authority (0.7975ms)
✔ workspace may configure/list/create/stop, but only terminal role may attach/input/resize/ACK/detach (0.7209ms)
✔ PIN and epoch are checked on every call, including passive session metadata (0.1297ms)
✔ readonly and recovery expose only passive eligible metadata; unknown modes refuse everything (0.1118ms)
✔ native session, project and current attachment identity are required for leased operations (0.1923ms)
✔ failed or asynchronous authority providers cannot authorize a synchronous input fence (0.2078ms)
✔ normal app mode never upgrades a current read-only view to shell execution (0.1598ms)
✔ profile defaults do not discover files or issue a usable executable (2.0767ms)
✔ profile list is immutable and exposes no native executable argv or environment (1.3582ms)
✔ profile resolver returns absolute fixed interactive PowerShell envelope without commands (0.6535ms)
✔ profile missing native OS root or executable remains unavailable without PATH fallback (1.4813ms)
✔ profile unknown optional ids and caller startup arguments cannot select a shell (0.3092ms)
✔ profile revalidates pinned executable and directory identities after discovery (1.413ms)
✔ profile refuses native file evidence with missing ancestry identity or accessor fields (0.5035ms)
✔ profile environment strips injection keys without mutating native OS snapshot (0.4144ms)
✔ profile refuses duplicate case-folded environment variables and non-data snapshots (0.9189ms)
✔ profile total environment budget refuses oversized aggregate without silent truncation (0.8683ms)
✔ profile scope is checked after OS-directory and executable awaits on list (0.2326ms)
✔ profile scope is checked after each resolve await including environment snapshot (0.3849ms)
✔ profile revoke never revives an old asynchronous discovery and dispose is permanent (0.2331ms)
✔ profile concurrent operations are bounded without permanently consuming capacity on failure (0.2995ms)
✔ profile asynchronous truthy or throwing authorization cannot discover a shell (0.2513ms)
✔ usable native profile envelope never becomes a renderer supplied create authority (0.3786ms)
ℹ tests 48
ℹ suites 0
ℹ pass 48
ℹ fail 0
ℹ cancelled 0
ℹ skipped 0
ℹ todo 0
ℹ duration_ms 106.109
