✔ Home native menu shortcuts route once to finite commands and disposal removes the listener (2.1251ms)
✔ Home commands cannot run behind PIN or a retired workspace; busy UI still permits native Lock (0.6084ms)
✔ actual Home export command invokes saved-backup bridge once, retains completion and never navigates (3.0036ms)
✔ Home cancellation stays cancellation and covered pending completion cannot repaint private status (1.1181ms)
✔ visible Home Lock remains enabled while backup waits for its native destination (0.9374ms)
✔ Home is a bounded standalone entry with exact local script identities and no diagram initialization (739.571ms)
✔ tests/native/home-library.mjs accepts actual Settings with all four named actions in order (7.1086ms)
✔ tests/native/home-library.mjs refuses missing, renamed, reordered and unexpected Settings actions (7.8017ms)
✔ tests/native/home-library-search.mjs accepts actual Settings with all four named actions in order (1.7929ms)
✔ tests/native/home-library-search.mjs refuses missing, renamed, reordered and unexpected Settings actions (7.1328ms)
✔ recovery privacy waits for actual DOM after real locked preload admission (3.9546ms)
✔ recovery admission still fails if the admitted body exposes the private project label (4.3009ms)
✔ recovery never treats absent body as privacy success or extends the existing deadline (89.6573ms)
✔ locked Home startup never constructs project UI or requests metadata (1.5401ms)
✔ introduction requires an explicit native startup request and plays once (1.9412ms)
✔ reduced motion has no mandatory vault timer (0.4439ms)
✔ native module readiness waits for actual enabled Home after a held metadata handoff, without clicking or extending the condition deadline (91.834ms)
✔ native Home readiness refuses unknown roles before evaluating any injected expression and preserves genuine observation errors (0.2556ms)
ℹ tests 18
ℹ suites 0
ℹ pass 18
ℹ fail 0
ℹ cancelled 0
ℹ skipped 0
ℹ todo 0
ℹ duration_ms 895.3988
