✔ exact ten Terminal methods accept only their complete typed request and normalize an immutable copy (2.5429ms)
✔ Terminal requests reject unsafe identifiers, numeric coercion, omitted fields and dimension overflow (0.3399ms)
✔ prototype-bearing, accessor, symbol and hidden payload fields are refused without executing getters (0.1975ms)
✔ terminal input is bounded by exact UTF-8 bytes and refuses malformed UTF-16 without partial normalization (2.0519ms)
✔ invalid Terminal payload is refused before dispatch and valid dispatch receives only the immutable copy (0.7062ms)
✔ frozen Terminal default budgets equal the approved finite limits (0.1386ms)
✔ cwd defaults refuse authority before invoking picker or filesystem (4.1751ms)
✔ cwd returns only immutable public grant and resolves same-project eligible peer (2.7127ms)
✔ cwd literal native paths preserve drive roots Unicode and shell punctuation (1.898ms)
✔ cwd cancellation and empty or multiple picker results never choose a fallback (0.532ms)
✔ cwd denies malformed path namespaces components and invalid Unicode (1.6612ms)
✔ cwd refuses protected root equality descendants case aliases and normalized traversal (0.7394ms)
✔ cwd refuses redirected leaf or reparse ancestors without trusting canonical label (1.3768ms)
✔ cwd revalidates selected identity and every ancestor instead of silently retargeting (1.5767ms)
✔ cwd missing inaccessible or file directory provider never returns an alternate path (0.4356ms)
✔ cwd guards reject copied foreign stale and disallowed role grants (0.6045ms)
✔ cwd locked readonly recovery and nonwritable views cannot select or resolve (0.9362ms)
✔ cwd picker completion cannot survive admission rollback or revoke (0.3224ms)
✔ cwd admission is rechecked after each protected-root and selected-directory await (0.3529ms)
✔ cwd resolve rechecks authority after every filesystem await (1.0726ms)
✔ cwd revoke and dispose invalidate old tokens and in-flight work permanently (0.4088ms)
✔ cwd bounded tokens never evict live authority and concurrent picker capacity is finite (0.7774ms)
✔ cwd stale completion after revoke cannot consume the new generation capacity (0.3578ms)
✔ cwd provider getters and asynchronous truthy authority are refused (0.3011ms)
✔ cwd missing protection or inspection provider never grants a token (0.2006ms)
✔ cwd final authorization cannot revoke the scope and then return a late token (0.2536ms)
✔ cwd final resolve guard cannot dispose authority and still deliver a path (0.7148ms)
✔ cwd current guard cannot reentrantly revoke admission on the final return check (0.3638ms)
✔ cwd native device aliases are outside the admitted local pathname policy (0.2367ms)
✔ cwd rejected inspections redact provider exceptions and retain capacity (0.2947ms)
✔ Terminal policy defaults to refusing sender identity; matching plain fields never mint native authority (0.7235ms)
✔ workspace may configure/list/create/stop, but only terminal role may attach/input/resize/ACK/detach (1.1333ms)
✔ PIN and epoch are checked on every call, including passive session metadata (0.1257ms)
✔ readonly and recovery expose only passive eligible metadata; unknown modes refuse everything (0.1039ms)
✔ native session, project and current attachment identity are required for leased operations (0.1413ms)
✔ failed or asynchronous authority providers cannot authorize a synchronous input fence (0.1926ms)
✔ normal app mode never upgrades a current read-only view to shell execution (0.1564ms)
✔ profile defaults do not discover files or issue a usable executable (1.7296ms)
✔ profile list is immutable and exposes no native executable argv or environment (1.4063ms)
✔ profile resolver returns absolute fixed interactive PowerShell envelope without commands (0.649ms)
✔ profile missing native OS root or executable remains unavailable without PATH fallback (1.6932ms)
✔ profile unknown optional ids and caller startup arguments cannot select a shell (0.3119ms)
✔ profile revalidates pinned executable and directory identities after discovery (1.3302ms)
✔ profile refuses native file evidence with missing ancestry identity or accessor fields (0.5736ms)
✔ profile environment strips injection keys without mutating native OS snapshot (0.3803ms)
✔ profile refuses duplicate case-folded environment variables and non-data snapshots (1.4964ms)
✔ profile total environment budget refuses oversized aggregate without silent truncation (0.549ms)
✔ profile scope is checked after OS-directory and executable awaits on list (0.2474ms)
✔ profile scope is checked after each resolve await including environment snapshot (0.3611ms)
✔ profile revoke never revives an old asynchronous discovery and dispose is permanent (0.2668ms)
✔ profile concurrent operations are bounded without permanently consuming capacity on failure (0.2456ms)
✔ profile asynchronous truthy or throwing authorization cannot discover a shell (0.2343ms)
✔ usable native profile envelope never becomes a renderer supplied create authority (0.3469ms)
✔ profile final scope check cannot reentrantly revoke and deliver executable or env (0.3365ms)
✔ profile final native guard cannot dispose and still return a usable envelope (0.2683ms)
✔ profile replacement during environment await is rechecked before returning envelope (0.2926ms)
✔ profile concurrent discovery never accepts two different pinned native identities (0.6814ms)
✔ profile missing required OS variables or malformed private-key policy refuses (0.5652ms)
✔ profile discovery refuses native device aliases before trusting executable evidence (0.2391ms)
ℹ tests 59
ℹ suites 0
ℹ pass 59
ℹ fail 0
ℹ cancelled 0
ℹ skipped 0
ℹ todo 0
ℹ duration_ms 104.0324
