TAP version 13
# Subtest: real Docs fixture teardown accepts canonical TEMP identity when Windows supplies a different path spelling
ok 1 - real Docs fixture teardown accepts canonical TEMP identity when Windows supplies a different path spelling
  ---
  duration_ms: 2475.2299
  type: 'test'
  ...
# Subtest: real Windows identity survives six-second native startup and remains fail-closed on bounded cancellation
ok 2 - real Windows identity survives six-second native startup and remains fail-closed on bounded cancellation
  ---
  duration_ms: 28875.3005
  type: 'test'
  ...
# Subtest: real Windows process identity preserves Unicode executable paths and stable creation time
ok 3 - real Windows process identity preserves Unicode executable paths and stable creation time
  ---
  duration_ms: 2473.3812
  type: 'test'
  ...
# Subtest: fixed native reader matches the original Windows Unicode path and exact100ns creation time
ok 4 - fixed native reader matches the original Windows Unicode path and exact100ns creation time
  ---
  duration_ms: 3120.4994
  type: 'test'
  ...
1..4
# tests 4
# suites 0
# pass 4
# fail 0
# cancelled 0
# skipped 0
# todo 0
# duration_ms 37196.786
