✔ exact ten Terminal methods accept only their complete typed request and normalize an immutable copy (2.7647ms)
✔ Terminal requests reject unsafe identifiers, numeric coercion, omitted fields and dimension overflow (0.331ms)
✔ prototype-bearing, accessor, symbol and hidden payload fields are refused without executing getters (0.2155ms)
✔ terminal input is bounded by exact UTF-8 bytes and refuses malformed UTF-16 without partial normalization (2.6587ms)
✔ invalid Terminal payload is refused before dispatch and valid dispatch receives only the immutable copy (0.4488ms)
✔ frozen Terminal default budgets equal the approved finite limits (0.1593ms)
✔ cwd defaults refuse authority before invoking picker or filesystem (4.2828ms)
✔ cwd returns only immutable public grant and resolves same-project eligible peer (2.1652ms)
✔ cwd literal native paths preserve drive roots Unicode and shell punctuation (2.0058ms)
✔ cwd cancellation and empty or multiple picker results never choose a fallback (0.4702ms)
✔ cwd denies malformed path namespaces components and invalid Unicode (1.8176ms)
✔ cwd refuses protected root equality descendants case aliases and normalized traversal (0.7802ms)
✔ cwd refuses redirected leaf or reparse ancestors without trusting canonical label (1.2565ms)
✔ cwd revalidates selected identity and every ancestor instead of silently retargeting (1.3531ms)
✔ cwd missing inaccessible or file directory provider never returns an alternate path (0.3922ms)
✔ cwd guards reject copied foreign stale and disallowed role grants (0.5584ms)
✔ cwd locked readonly recovery and nonwritable views cannot select or resolve (0.8761ms)
✔ cwd picker completion cannot survive admission rollback or revoke (0.3813ms)
✔ cwd admission is rechecked after each protected-root and selected-directory await (0.3616ms)
✔ cwd resolve rechecks authority after every filesystem await (0.9836ms)
✔ cwd revoke and dispose invalidate old tokens and in-flight work permanently (0.385ms)
✔ cwd bounded tokens never evict live authority and concurrent picker capacity is finite (0.7906ms)
✔ cwd stale completion after revoke cannot consume the new generation capacity (0.346ms)
✔ cwd provider getters and asynchronous truthy authority are refused (0.3028ms)
✔ cwd missing protection or inspection provider never grants a token (0.1963ms)
✔ cwd final authorization cannot revoke the scope and then return a late token (0.5296ms)
✔ cwd final resolve guard cannot dispose authority and still deliver a path (0.4523ms)
✔ cwd current guard cannot reentrantly revoke admission on the final return check (0.3634ms)
✔ cwd native device aliases are outside the admitted local pathname policy (0.2534ms)
✔ cwd rejected inspections redact provider exceptions and retain capacity (0.2785ms)
✔ cwd malformed provider reflection cannot leak private exceptions as receipts (0.2119ms)
✔ cwd hard grant capacity is finite and unknown forged ids never resolve (5.6235ms)
✔ cwd bounds path prefix expansion before malformed evidence can exhaust64MiB (103.9305ms)
✔ Terminal policy defaults to refusing sender identity; matching plain fields never mint native authority (0.6756ms)
✔ workspace may configure/list/create/stop, but only terminal role may attach/input/resize/ACK/detach (0.6979ms)
✔ PIN and epoch are checked on every call, including passive session metadata (0.1196ms)
✔ readonly and recovery expose only passive eligible metadata; unknown modes refuse everything (0.1041ms)
✔ native session, project and current attachment identity are required for leased operations (0.1284ms)
✔ failed or asynchronous authority providers cannot authorize a synchronous input fence (0.183ms)
✔ normal app mode never upgrades a current read-only view to shell execution (0.1548ms)
✔ profile defaults do not discover files or issue a usable executable (1.7231ms)
✔ profile list is immutable and exposes no native executable argv or environment (1.3428ms)
✔ profile resolver returns absolute fixed interactive PowerShell envelope without commands (1.2229ms)
✔ profile missing native OS root or executable remains unavailable without PATH fallback (0.8584ms)
✔ profile unknown optional ids and caller startup arguments cannot select a shell (0.4451ms)
✔ profile revalidates pinned executable and directory identities after discovery (1.3679ms)
✔ profile refuses native file evidence with missing ancestry identity or accessor fields (0.5562ms)
✔ profile environment strips injection keys without mutating native OS snapshot (0.4081ms)
✔ profile refuses duplicate case-folded environment variables and non-data snapshots (1.2163ms)
✔ profile total environment budget refuses oversized aggregate without silent truncation (0.5386ms)
✔ profile scope is checked after OS-directory and executable awaits on list (0.2277ms)
✔ profile scope is checked after each resolve await including environment snapshot (0.2962ms)
✔ profile revoke never revives an old asynchronous discovery and dispose is permanent (0.3542ms)
✔ profile concurrent operations are bounded without permanently consuming capacity on failure (0.2567ms)
✔ profile asynchronous truthy or throwing authorization cannot discover a shell (0.2325ms)
✔ usable native profile envelope never becomes a renderer supplied create authority (0.3388ms)
✔ profile final scope check cannot reentrantly revoke and deliver executable or env (0.3408ms)
✔ profile final native guard cannot dispose and still return a usable envelope (0.3085ms)
✔ profile replacement during environment await is rechecked before returning envelope (0.2155ms)
✔ profile concurrent discovery never accepts two different pinned native identities (0.7512ms)
✔ profile missing required OS variables or malformed private-key policy refuses (0.5942ms)
✔ profile discovery refuses native device aliases before trusting executable evidence (0.2551ms)
✔ profile malformed provider reflection never leaks private errors through list or resolve (0.3987ms)
✔ profile final executable check is fenced after its own native await (0.1871ms)
✔ profiles bounds path prefix expansion before malformed evidence can exhaust64MiB (101.5576ms)
ℹ tests 65
ℹ suites 0
ℹ pass 65
ℹ fail 0
ℹ cancelled 0
ℹ skipped 0
ℹ todo 0
ℹ duration_ms 207.6501
