✔ exact ten Terminal methods accept only their complete typed request and normalize an immutable copy (2.7225ms)
✔ Terminal requests reject unsafe identifiers, numeric coercion, omitted fields and dimension overflow (0.339ms)
✔ prototype-bearing, accessor, symbol and hidden payload fields are refused without executing getters (0.225ms)
✔ terminal input is bounded by exact UTF-8 bytes and refuses malformed UTF-16 without partial normalization (2.5979ms)
✔ invalid Terminal payload is refused before dispatch and valid dispatch receives only the immutable copy (0.7017ms)
✔ frozen Terminal default budgets equal the approved finite limits (0.1416ms)
✔ cwd defaults refuse authority before invoking picker or filesystem (4.2715ms)
✔ cwd returns only immutable public grant and resolves same-project eligible peer (2.5243ms)
✔ cwd literal native paths preserve drive roots Unicode and shell punctuation (1.89ms)
✔ cwd cancellation and empty or multiple picker results never choose a fallback (0.5034ms)
✔ cwd denies malformed path namespaces components and invalid Unicode (1.6818ms)
✔ cwd refuses protected root equality descendants case aliases and normalized traversal (0.9177ms)
✔ cwd refuses redirected leaf or reparse ancestors without trusting canonical label (1.5554ms)
✔ cwd revalidates selected identity and every ancestor instead of silently retargeting (1.3292ms)
✔ cwd missing inaccessible or file directory provider never returns an alternate path (0.3782ms)
✔ cwd guards reject copied foreign stale and disallowed role grants (0.6776ms)
✔ cwd locked readonly recovery and nonwritable views cannot select or resolve (1.0994ms)
✔ cwd picker completion cannot survive admission rollback or revoke (0.4246ms)
✔ cwd admission is rechecked after each protected-root and selected-directory await (0.3696ms)
✔ cwd resolve rechecks authority after every filesystem await (1.426ms)
✔ cwd revoke and dispose invalidate old tokens and in-flight work permanently (0.446ms)
✔ cwd bounded tokens never evict live authority and concurrent picker capacity is finite (0.7635ms)
✔ cwd stale completion after revoke cannot consume the new generation capacity (0.547ms)
✔ cwd provider getters and asynchronous truthy authority are refused (0.3829ms)
✔ cwd missing protection or inspection provider never grants a token (0.2157ms)
✔ cwd final authorization cannot revoke the scope and then return a late token (0.3091ms)
✔ cwd final resolve guard cannot dispose authority and still deliver a path (0.7245ms)
✔ cwd current guard cannot reentrantly revoke admission on the final return check (0.3076ms)
✔ cwd native device aliases are outside the admitted local pathname policy (0.2514ms)
✔ cwd rejected inspections redact provider exceptions and retain capacity (0.257ms)
✔ cwd malformed provider reflection cannot leak private exceptions as receipts (0.2231ms)
✔ cwd hard grant capacity is finite and unknown forged ids never resolve (6.7195ms)
✔ Terminal policy defaults to refusing sender identity; matching plain fields never mint native authority (0.6905ms)
✔ workspace may configure/list/create/stop, but only terminal role may attach/input/resize/ACK/detach (0.7082ms)
✔ PIN and epoch are checked on every call, including passive session metadata (0.123ms)
✔ readonly and recovery expose only passive eligible metadata; unknown modes refuse everything (0.1034ms)
✔ native session, project and current attachment identity are required for leased operations (0.128ms)
✔ failed or asynchronous authority providers cannot authorize a synchronous input fence (0.1921ms)
✔ normal app mode never upgrades a current read-only view to shell execution (0.1564ms)
✔ profile defaults do not discover files or issue a usable executable (1.8608ms)
✔ profile list is immutable and exposes no native executable argv or environment (1.4651ms)
✔ profile resolver returns absolute fixed interactive PowerShell envelope without commands (0.7044ms)
✔ profile missing native OS root or executable remains unavailable without PATH fallback (1.0905ms)
✔ profile unknown optional ids and caller startup arguments cannot select a shell (0.7036ms)
✔ profile revalidates pinned executable and directory identities after discovery (1.3823ms)
✔ profile refuses native file evidence with missing ancestry identity or accessor fields (0.5455ms)
✔ profile environment strips injection keys without mutating native OS snapshot (0.3918ms)
✔ profile refuses duplicate case-folded environment variables and non-data snapshots (1.2522ms)
✔ profile total environment budget refuses oversized aggregate without silent truncation (0.5578ms)
✔ profile scope is checked after OS-directory and executable awaits on list (0.2293ms)
✔ profile scope is checked after each resolve await including environment snapshot (0.3589ms)
✔ profile revoke never revives an old asynchronous discovery and dispose is permanent (0.2742ms)
✔ profile concurrent operations are bounded without permanently consuming capacity on failure (0.2353ms)
✔ profile asynchronous truthy or throwing authorization cannot discover a shell (0.2308ms)
✔ usable native profile envelope never becomes a renderer supplied create authority (0.3562ms)
✔ profile final scope check cannot reentrantly revoke and deliver executable or env (0.4466ms)
✔ profile final native guard cannot dispose and still return a usable envelope (0.4335ms)
✔ profile replacement during environment await is rechecked before returning envelope (0.3063ms)
✔ profile concurrent discovery never accepts two different pinned native identities (0.8489ms)
✔ profile missing required OS variables or malformed private-key policy refuses (0.5424ms)
✔ profile discovery refuses native device aliases before trusting executable evidence (0.3188ms)
✔ profile malformed provider reflection never leaks private errors through list or resolve (0.4343ms)
✔ profile final executable check is fenced after its own native await (0.1987ms)
ℹ tests 63
ℹ suites 0
ℹ pass 63
ℹ fail 0
ℹ cancelled 0
ℹ skipped 0
ℹ todo 0
ℹ duration_ms 106.5364
