✔ text has an explicit Python limitation while visible Compare routes to saved diff (6.2839ms)
✔ actual structure controller pages 64 literal labels and navigates exact offsets only for current immutable ref (12.0007ms)
✔ comparison uses a real window choice, paints literal A/B snapshots and explicit approximation, and navigates only current A (5.6747ms)
✔ late cancelled/Lock/stale replies never repopulate the real panel (6.1296ms)
✔ dirty/pending edits refuse analysis; selected range request contains immutable metadata and offsets, never text/path (1.4099ms)
✔ Cancel keeps its click target after completion and becomes Clear, so a finishing job cannot redirect the click (0.9396ms)
✔ starting a fresh job enables the genuine Cancel control even after changing analysis scope (0.816ms)
✔ selected map sends only genuine range metadata, draws literal bounded nesting and supports collapse/navigation (2.4406ms)
✔ real admitted parser projects values, annotations without values and updates distinctly (3.8857ms)
✔ annotation classification follows direct parser operator, not equals in strings or nested calls (0.8742ms)
✔ chained, destructured, attribute, subscript and Unicode assignments retain exact source ranges (0.8855ms)
✔ function and branch containment includes assignments without claiming execution or data flow (0.6073ms)
✔ existing yield, await and call blocks survive assignment projection (0.5129ms)
✔ syntax errors retain absolute locations and bounded diagnostics, not successful runtime claims (15.6012ms)
✔ new assignment blocks honor graph, edge and visit caps (5.9902ms)
✔ shortened assignment labels never split a Unicode surrogate pair (0.2909ms)
✔ actual map view accepts annotation literally with an honest generic explanation and immutable navigation (15.1597ms)
ℹ tests 17
ℹ suites 0
ℹ pass 17
ℹ fail 0
ℹ cancelled 0
ℹ skipped 0
ℹ todo 0
ℹ duration_ms 154.5065
