✔ manual uses real catalog search, scoped diagnosis and local category filtering (37.7341ms)
✔ flow has finite interactive decisions, a text alternative and reset (6.9241ms)
✔ Escape closes, clears diagnosis and restores initiator focus; dispose cannot reopen (5.5051ms)
✔ unavailable or retired context cannot reveal a panel or accept arbitrary metadata (5.3208ms)
✔ callbacks retained from a retired dialog cannot change a newly opened article (5.9907ms)
✔ opening the manual without an error welcomes browsing instead of diagnosing an unknown failure (6.3301ms)
✔ Escape is consumed so a containing Presenter does not also leave fullscreen (5.3376ms)
✔ shared manual closes synchronously on cover and cannot reopen before native resume (7.0674ms)
✔ contextual error and static render help are finite, inert and retired on Lock (6.7907ms)
✔ cover and resume retire earlier error controls and refuse results captured before the transition (5.8268ms)
✔ delayed events from a closed dialog cannot close its replacement (5.6246ms)
✔ unknown structured error keeps only its bounded code visible without guessing a cause (6.5352ms)
✔ the actual Docs save callback cannot offer a diagnosis after native cover and resume (5.8506ms)
✔ actual Home backup cancellation stays neutral with shared Help installed; real failures still explain (9.1795ms)
✔ repeated open is a single dialog with an unknown-identity explanation (6.9558ms)
✔ Home native regression runs once and retains its nested receipt even on failure (1.0541ms)
✔ Home CI admission rejects missing retention, blanket profile capture and package mislabeling (1.7324ms)
✔ Home exports internally selected saved classic bytes and returns only finite verified facts (60.0068ms)
✔ source-backed saved backup round-trips exact BOM CRLF Unicode and opaque history; private drafts stay outside it (242.1921ms)
✔ extra fields, accessor payloads, forged frames/URLs, locked or missing selection never read or publish (244.2207ms)
✔ readonly saved export remains available, cancellation is not success, and a completed operation releases its pending slot (31.0312ms)
✔ one pending Home export; Lock then unlock during saved read permanently revokes it (30.8815ms)
✔ base64 wire expansion over importer limit refuses before loading any source bytes (177.0748ms)
✔ source corruption cannot fall back to metadata-only output or open a chooser (206.1264ms)
✔ actual main Home registration publishes exact saved bytes through tracked writer, without legacy URL widening (64.2813ms)
✔ actual Home publication revocation at before-flush preserves existing destination and cleans pending bytes (44.0854ms)
✔ actual Home publication revocation at after-flush preserves existing destination and cleans pending bytes (51.5578ms)
✔ actual Home publication revocation at before-rename preserves existing destination and cleans pending bytes (45.724ms)
✔ accepted rename remains in actual drain until readback; Lock cannot relabel committed output as cancellation (52.3821ms)
✔ failed readback after accepted rename and revocation reports uncertain output rather than clean access refusal (47.9537ms)
✔ unanswered chooser is not a writes drain; returning to same project cannot revive it (42.3715ms)
✔ actual main cancellation and single pending chooser leave snapshot and output untouched (44.3491ms)
✔ actual destination write failure is distinguished from unavailable saved data (47.8202ms)
✔ unconfirmed cleanup remains a rejected actual drain rather than successful Lock (57.1898ms)
✔ Home native menu shortcuts route once to finite commands and disposal removes the listener (2.1539ms)
✔ Home commands cannot run behind PIN or a retired workspace; busy UI still permits native Lock (0.5502ms)
✔ actual Home export command invokes saved-backup bridge once, retains completion and never navigates (3.3263ms)
✔ Home cancellation stays cancellation and covered pending completion cannot repaint private status (0.9572ms)
✔ visible Home Lock remains enabled while backup waits for its native destination (0.754ms)
ℹ tests 39
ℹ suites 0
ℹ pass 39
ℹ fail 0
ℹ cancelled 0
ℹ skipped 0
ℹ todo 0
ℹ duration_ms 1085.9887
