✔ CI executes actual Help in development and a verified portable copy and retains its failure evidence (1.0406ms)
✔ CI refuses missing Help, swallowed package exit, late execution and broad private uploads (2.9214ms)
✔ text has an explicit Python limitation while visible Compare routes to saved diff (4.1152ms)
✔ actual structure controller pages 64 literal labels and navigates exact offsets only for current immutable ref (11.6843ms)
✔ comparison uses a real window choice, paints literal A/B snapshots and explicit approximation, and navigates only current A (7.0725ms)
✔ late cancelled/Lock/stale replies never repopulate the real panel (4.9442ms)
✔ dirty/pending edits refuse analysis; selected range request contains immutable metadata and offsets, never text/path (1.6923ms)
✔ Cancel keeps its click target after completion and becomes Clear, so a finishing job cannot redirect the click (0.9004ms)
✔ starting a fresh job enables the genuine Cancel control even after changing analysis scope (0.852ms)
✔ selected map sends only genuine range metadata, draws literal bounded nesting and supports collapse/navigation (0.9905ms)
✔ a type annotation has a specific explanation without pretending to assign or observe a value (2.1127ms)
✔ real admitted parser projects values, annotations without values and updates distinctly (4.3397ms)
✔ annotation classification follows direct parser operator, not equals in strings or nested calls (0.8648ms)
✔ chained, destructured, attribute, subscript and Unicode assignments retain exact source ranges (0.7638ms)
✔ function and branch containment includes assignments without claiming execution or data flow (0.6834ms)
✔ existing yield, await and call blocks survive assignment projection (0.5049ms)
✔ syntax errors retain absolute locations and bounded diagnostics, not successful runtime claims (16.5669ms)
✔ new assignment blocks honor graph, edge and visit caps (5.8253ms)
✔ shortened assignment labels never split a Unicode surrogate pair (0.2797ms)
✔ actual map view accepts annotation literally with an accurate explanation and immutable navigation (15.925ms)
✔ actual patched worker maps selected Python syntax containment and exact navigation without claiming execution (96.8091ms)
✔ selected syntax map uses exact EOF ranges/lines beyond 300k and refuses a missing range before I/O (107.3242ms)
✔ actual isolated analysis worker preserves assignment, update and annotation distinctions in the exact stored version (28.5414ms)
✔ finite map budgets, incomplete syntax and literal labels remain explicitly partial and retain immutable bytes (55.7655ms)
ℹ tests 24
ℹ suites 0
ℹ pass 24
ℹ fail 0
ℹ cancelled 0
ℹ skipped 0
ℹ todo 0
ℹ duration_ms 390.1139
